Init Markov chain with 40 states, max fan-in 4
Run 10 iterations each.
Start with state 0 prob 1 ...
  result probs: p0 = 0.00766249, p1 = 0.009616, p2 = 0.0172271, Sum: 1.000000
Start with state 1 prob 1 ...
  result probs: p0 = 0.00700793, p1 = 0.0109813, p2 = 0.0150485, Sum: 1.000000
Start with all probs equal ...
  result probs: p0 = 0.00727518, p1 = 0.0101565, p2 = 0.0163766, Sum: 1.000000
