Id 0: partitial sums 499999500000, 35156187500, 62500405935, 0
Id 1: partitial sums 0, 42968687500, 62499461724, 40816530612
Id 2: partitial sums 0, 50781187500, 62499939432, 51019948980
Id 3: partitial sums 0, 58593687500, 62500066144, 61224795918
Id 4: partitial sums 0, 66406187500, 62499567527, 71427928572
Id 5: partitial sums 0, 74218687500, 62500100170, 81633061224
Id 6: partitial sums 0, 82031187500, 62499192659, 91835908164
Id 7: partitial sums 0, 89843687500, 62500766409, 102041326530
Total sums: 499999500000, 499999500000, 499999500000, 499999500000
