500 x 500 x 500 cells (mem 2000.0 MB), running 500 iterations with 8 tasks
Residuum after  1 iters: 377335777.222438
Residuum after 11 iters: 506561.854362
Residuum after 21 iters: 99032.165751
Residuum after 31 iters: 54811.260127
Residuum after 41 iters: 35891.442200
Residuum after 51 iters: 25778.320002
Residuum after 61 iters: 19642.483919
Residuum after 71 iters: 15595.242156
Residuum after 81 iters: 12762.233217
Residuum after 91 iters: 10689.014116
Residuum after 101 iters: 9118.491475
Residuum after 111 iters: 7895.454569
Residuum after 121 iters: 6921.251513
Residuum after 131 iters: 6130.501291
Residuum after 141 iters: 5478.344017
Residuum after 151 iters: 4933.086861
Residuum after 161 iters: 4471.772761
Residuum after 171 iters: 4077.409236
Residuum after 181 iters: 3737.179005
Residuum after 191 iters: 3441.251935
Residuum after 201 iters: 3181.976679
Residuum after 211 iters: 2953.318595
Residuum after 221 iters: 2750.461278
Residuum after 231 iters: 2569.519121
Residuum after 241 iters: 2407.326695
Residuum after 251 iters: 2261.282193
Residuum after 261 iters: 2129.229547
Residuum after 271 iters: 2009.368601
Residuum after 281 iters: 1900.185910
Residuum after 291 iters: 1800.400885
Residuum after 301 iters: 1708.923497
Residuum after 311 iters: 1624.820758
Residuum after 321 iters: 1547.289957
Residuum after 331 iters: 1475.637118
Residuum after 341 iters: 1409.259539
Residuum after 351 iters: 1347.631555
Residuum after 361 iters: 1290.292848
Residuum after 371 iters: 1236.838794
Residuum after 381 iters: 1186.912454
Residuum after 391 iters: 1140.197889
Residuum after 401 iters: 1096.414551
Residuum after 411 iters: 1055.312563
Residuum after 421 iters: 1016.668724
Residuum after 431 iters: 980.283110
Residuum after 441 iters: 945.976182
Residuum after 451 iters: 913.586299
Residuum after 461 iters: 882.967595
Residuum after 471 iters: 853.988132
Residuum after 481 iters: 826.528318
Residuum after 491 iters: 800.479519
