Id 0: partitial sums 499999500000, 7812437500, 62499685128, 0
Id 1: partitial sums 0, 23437437500, 62500064872, 10203989796
Id 2: partitial sums 0, 39062437500, 62499677006, 30612112245
Id 3: partitial sums 0, 54687437500, 62499667059, 51020234694
Id 4: partitial sums 0, 70312437500, 62500182531, 71428928571
Id 5: partitial sums 0, 85937437500, 62499940704, 91836622449
Id 6: partitial sums 0, 101562437500, 62499990691, 112244744898
Id 7: partitial sums 0, 117187437500, 62500292009, 132652867347
My world ID 0, in shrinked group: -1
My world ID 1, in shrinked group: 0
My world ID 2, in shrinked group: 1
My world ID 3, in shrinked group: 2
My world ID 4, in shrinked group: 3
My world ID 5, in shrinked group: 4
My world ID 6, in shrinked group: 5
My world ID 7, in shrinked group: 6
Total sums: 499999500000, 499999500000, 499999500000, 499999500000
