10000 x 10000 cells (mem 1600.0 MB), running 500 iterations with 8 tasks
Residuum after  1 iters: 300071272.625000
Residuum after 11 iters: 199570.241852
Residuum after 21 iters: 1690.308244
Residuum after 31 iters: 830.844054
Residuum after 41 iters: 545.175957
Residuum after 51 iters: 392.566577
Residuum after 61 iters: 299.892528
Residuum after 71 iters: 238.694665
Residuum after 81 iters: 195.804264
Residuum after 91 iters: 164.376850
Residuum after 101 iters: 140.539268
Residuum after 111 iters: 121.952295
Residuum after 121 iters: 107.128392
Residuum after 131 iters: 95.081154
Residuum after 141 iters: 85.133383
Residuum after 151 iters: 76.806358
Residuum after 161 iters: 69.753095
Residuum after 171 iters: 63.716597
Residuum after 181 iters: 58.502894
Residuum after 191 iters: 53.963124
Residuum after 201 iters: 49.981346
Residuum after 211 iters: 46.466060
Residuum after 221 iters: 43.344192
Residuum after 231 iters: 40.556751
Residuum after 241 iters: 38.055653
Residuum after 251 iters: 35.801348
Residuum after 261 iters: 33.761045
Residuum after 271 iters: 31.907347
Residuum after 281 iters: 30.217209
Residuum after 291 iters: 28.671117
Residuum after 301 iters: 27.252455
Residuum after 311 iters: 25.946990
Residuum after 321 iters: 24.742470
Residuum after 331 iters: 23.628298
Residuum after 341 iters: 22.595264
Residuum after 351 iters: 21.635330
Residuum after 361 iters: 20.741457
Residuum after 371 iters: 19.907451
Residuum after 381 iters: 19.127845
Residuum after 391 iters: 18.397800
Residuum after 401 iters: 17.713014
Residuum after 411 iters: 17.069656
Residuum after 421 iters: 16.464300
Residuum after 431 iters: 15.893876
Residuum after 441 iters: 15.355626
Residuum after 451 iters: 14.847068
Residuum after 461 iters: 14.365956
Residuum after 471 iters: 13.910262
Residuum after 481 iters: 13.478146
Residuum after 491 iters: 13.067933
