Id 0: partitial sums 499999500000, 78124875000, 124999867659, 0
Id 1: partitial sums 0, 109374875000, 125000005576, 111111222222
Id 2: partitial sums 0, 140624875000, 124999667697, 166665833334
Id 3: partitial sums 0, 171874875000, 124999959068, 222222444444
Total sums: 499999500000, 499999500000, 499999500000, 499999500000
