Id 0: partitial sums 499999500000, 31249875000, 124999750000, 0
Id 1: partitial sums 0, 93749875000, 124999344065, 55555277778
Id 2: partitial sums 0, 156249875000, 125000123235, 166666833333
Id 3: partitial sums 0, 218749875000, 125000282700, 277777388889
My world ID 0, in shrinked group: -1
My world ID 1, in shrinked group: 0
My world ID 2, in shrinked group: 1
My world ID 3, in shrinked group: 2
Total sums: 499999500000, 499999500000, 499999500000, 499999500000
